### Tips, info about python argparse module ###

# positional arguments = required 
# optional arguments = optional

######
# require a argument
import argparse
parser = argparse.ArgumentParser()
parser.add_argument("arg1", help="Enter an agrument value")
args = parser.parse_args()
print(args.arg1)

-output-
ames@ames-VirtualBox:~/scripts/python$ ./arg_info.py
usage: arg_info.py [-h] arg1
arg_info.py: error: too few arguments
ames@ames-VirtualBox:~/scripts/python$

ames@ames-VirtualBox:~/scripts/python$ ./arg_info.py blah
blah
ames@ames-VirtualBox:~/scripts/python$

######
# optional argument (only diff is adding '-' to "-arg1")
# Note: help message is also a bit different, specify's optional...
import argparse
parser = argparse.ArgumentParser()
parser.add_argument("-arg1", help="Enter an agrument value (optional)")
args = parser.parse_args()
print(args.arg1)

-output-
ames@ames-VirtualBox:~/scripts/python$ ./arg_info.py
None
ames@ames-VirtualBox:~/scripts/python$

######
### Note - arg variable gets 'None' by default if not used 
# if statement flags this as false

import argparse
parser = argparse.ArgumentParser()
parser.add_argument("-arg1", help="Enter an agrument value (optional)")
args = parser.parse_args()
if args.arg1:
  print(args.arg1)

-output-
ames@ames-VirtualBox:~/scripts/python$ ./arg_info.py
ames@ames-VirtualBox:~/scripts/python$

ames@ames-VirtualBox:~/scripts/python$ ./arg_info.py -arg1
usage: arg_info.py [-h] [-arg1 ARG1]
arg_info.py: error: argument -arg1: expected one argument
ames@ames-VirtualBox:~/scripts/python$

ames@ames-VirtualBox:~/scripts/python$ ./arg_info.py -arg1 blah
blah
ames@ames-VirtualBox:~/scripts/python$

######
### treat as option only, ie: no argument required
import argparse
parser = argparse.ArgumentParser()
parser.add_argument("-arg1", help="option (not required)", action="store_true")
args = parser.parse_args()
if args.arg1:
  print("option was given")

-output-
ames@ames-VirtualBox:~/scripts/python$ ./arg_info.py
ames@ames-VirtualBox:~/scripts/python$ ./arg_info.py -arg1
option was given
ames@ames-VirtualBox:~/scripts/python$ ./arg_info.py -arg1 blah
usage: arg_info.py [-h] [-arg1]
arg_info.py: error: unrecognized arguments: blah
ames@ames-VirtualBox:~/scripts/python$

######
## allow short (-) and long (--) option versions
import argparse
parser = argparse.ArgumentParser()
parser.add_argument("-arg1", "--arg1", help="option (not required)", action="store_true")
args = parser.parse_args()
if args.arg1:
  print("option was given")

-output-
ames@ames-VirtualBox:~/scripts/python$ ./arg_info.py -arg1
option was given
ames@ames-VirtualBox:~/scripts/python$ ./arg_info.py --arg1
option was given
ames@ames-VirtualBox:~/scripts/python$


